Microsoft (R) Macro Assembler Version 11.00.61030.0	    02/05/14 20:41:40
calcAge.asm						     Page 1 - 1


				; Juan Pedraza
				; csci 126 lab3 2/5/14
				; Ask for name and birth day. Calculate age and then display along with their name.

				.586
				.MODEL FLAT

				INCLUDE io.h
			      C ; IO.H -- header file for I/O macros (listing suppressed)
			      C .NOLIST      ; turn off listing
			      C .LIST        ; begin listing
			      C 

				.STACK 4096

 00000000			.DATA
				;user's info
 00000000  00000028 [		usrName	Byte	40 DUP (?),0; user's name
	    00
	   ] 00
 00000029 00000000		month	DWORD	?			; month of birthday
 0000002D 00000000		day		DWORD	?			; day of birthday
 00000031 00000000		year	DWORD	?			; year of birthday
 00000035 00000000		temp	DWORD	?			; temp

				;todays
 00000039 00000002		month2	DWORD	2			; today's month
 0000003D 00000005		day2	DWORD	5			; today's day
 00000041 000007DE		year2	DWORD	2014		; today's year
 00000045 00000000		age		DWORD	?
 00000049  00000014 [		ageString	Byte	20 DUP(?),0	; to store age
	    00
	   ] 00


				;ask strings
 0000005E 57 68 61 74 20	askName	Byte	"What is your name?",0
	   69 73 20 79 6F
	   75 72 20 6E 61
	   6D 65 3F 00
 00000071 57 68 61 74 20	askDay	Byte	"What is your birthday (Day)?",0
	   69 73 20 79 6F
	   75 72 20 62 69
	   72 74 68 64 61
	   79 20 28 44 61
	   79 29 3F 00
 0000008E 57 68 61 74 20	askMonth Byte	"What is your birthday (Month)?",0
	   69 73 20 79 6F
	   75 72 20 62 69
	   72 74 68 64 61
	   79 20 28 4D 6F
	   6E 74 68 29 3F
	   00
 000000AD 57 68 61 74 20	askYear	Byte	"What is your birthday (Year)?",0
	   69 73 20 79 6F
	   75 72 20 62 69
	   72 74 68 64 61
	   79 20 28 59 65
	   61 72 29 3F 00
				; for debugging
 000000CB 59 6F 75 72 20	usrDay	Byte	"Your Day",0
	   44 61 79 00
 000000D4 59 6F 75 72 20	usrMonth Byte	"Your Month",0
	   4D 6F 6E 74 68
	   00
 000000DF 59 6F 75 72 20	usrYear	Byte	"Your Year",0
	   59 65 61 72 00
 000000E9 4D 79 20 59 65	myYear	Byte	"My Year",0
	   61 72 00
 000000F1 4D 79 20 4D 6F	myMonth Byte	"My Month",0
	   6E 74 68 00
 000000FA 4D 79 20 44 61	myDay	Byte	"My Day",0
	   79 00

				;output strings
 00000101 48 65 6C 6C 6F	printName	Byte	"Hello ",0
	   20 00
 00000108 59 6F 75 72 20	printAge	Byte	"Your age is: ",0
	   61 67 65 20 69
	   73 3A 20 00

 00000000			.CODE
 00000000			_MainProc PROC
					;dtoa ageString, month2
					;output myMonth, ageString
					;dtoa ageString, day2
					;output myDay, ageString
					;dtoa ageString, year2
					;output myYear, ageString

					; get values
					input askName, usrName, 40 ; read ASCII chars
					
					input askMonth, temp, 4
					atod temp		;convert from ascii to integer
 0000004B  A3 00000029 R		mov month, eax	; move to month variable
					
					input askDay, temp, 4
					atod temp
 0000007D  A3 0000002D R		mov day, eax

					input askYear, temp, 5
					atod temp
 000000AF  A3 00000031 R		mov	year, eax
					
					; calculate age
					;mov eax, 0
 000000B4  A1 00000041 R		mov eax, year2
 000000B9  2B 05 00000031 R		sub eax, year
 000000BF  A3 00000045 R		mov age, eax
					
					;check month and day
					;dtoa ageString, month
					;output usrMonth, ageString
					;dtoa ageString, day
					;output usrDay, ageString
					;dtoa ageString, month2		; my month2 (2 - Feb) changes to 0 for some reason
					;output myMonth, ageString
					;dtoa ageString, day2
					;output myDay, ageString
					
					;check month and day
 000000C4  A1 00000029 R		mov eax, month
 000000C9  3B 05 00000039 R		cmp eax, month2
 000000CF  7C 1C			jl endd
 000000D1  A1 0000002D R		mov eax, day
 000000D6  3B 05 0000003D R		cmp eax, day2
 000000DC  7C 0F			jl endd

					;minus one
 000000DE  8B 1D 00000045 R		mov ebx, age
 000000E4  83 EB 01			sub ebx, 1
 000000E7  89 1D 00000045 R		mov age, ebx

 000000ED			endd:	
					dtoa ageString, age

					;print
					output printName, usrName
					output printAge, ageString

 0000013B  B8 00000000			mov eax, 0 ;clean up and ready to exit
 00000140  C3				ret
 00000141			_MainProc ENDP
				END
Microsoft (R) Macro Assembler Version 11.00.61030.0	    02/05/14 20:41:40
calcAge.asm						     Symbols 2 - 1




Macros:

                N a m e                 Type

atod . . . . . . . . . . . . . .	Proc
atow . . . . . . . . . . . . . .	Proc
dtoa . . . . . . . . . . . . . .	Proc
input  . . . . . . . . . . . . .	Proc
output . . . . . . . . . . . . .	Proc
wtoa . . . . . . . . . . . . . .	Proc


Segments and Groups:

                N a m e                 Size     Length   Align   Combine Class

FLAT . . . . . . . . . . . . . .	GROUP
STACK  . . . . . . . . . . . . .	32 Bit	 00001000 Para	  Stack	  'STACK'	 
_DATA  . . . . . . . . . . . . .	32 Bit	 00000116 Para	  Public  'DATA'	
_TEXT  . . . . . . . . . . . . .	32 Bit	 00000141 Para	  Public  'CODE'	


Procedures, parameters, and locals:

                N a m e                 Type     Value    Attr

_MainProc  . . . . . . . . . . .	P Near	 00000000 _TEXT	Length= 00000141 Public
  endd . . . . . . . . . . . . .	L Near	 000000ED _TEXT	


Symbols:

                N a m e                 Type     Value    Attr

@CodeSize  . . . . . . . . . . .	Number	 00000000h   
@DataSize  . . . . . . . . . . .	Number	 00000000h   
@Interface . . . . . . . . . . .	Number	 00000000h   
@Model . . . . . . . . . . . . .	Number	 00000007h   
@code  . . . . . . . . . . . . .	Text   	 _TEXT
@data  . . . . . . . . . . . . .	Text   	 FLAT
@fardata?  . . . . . . . . . . .	Text   	 FLAT
@fardata . . . . . . . . . . . .	Text   	 FLAT
@stack . . . . . . . . . . . . .	Text   	 FLAT
_getInput  . . . . . . . . . . .	L Near	 00000000 FLAT	External
_showOutput  . . . . . . . . . .	L Near	 00000000 FLAT	External
ageString  . . . . . . . . . . .	Byte	 00000049 _DATA	
age  . . . . . . . . . . . . . .	DWord	 00000045 _DATA	
askDay . . . . . . . . . . . . .	Byte	 00000071 _DATA	
askMonth . . . . . . . . . . . .	Byte	 0000008E _DATA	
askName  . . . . . . . . . . . .	Byte	 0000005E _DATA	
askYear  . . . . . . . . . . . .	Byte	 000000AD _DATA	
atodproc . . . . . . . . . . . .	L Near	 00000000 FLAT	External
atowproc . . . . . . . . . . . .	L Near	 00000000 FLAT	External
day2 . . . . . . . . . . . . . .	DWord	 0000003D _DATA	
day  . . . . . . . . . . . . . .	DWord	 0000002D _DATA	
dtoaproc . . . . . . . . . . . .	L Near	 00000000 FLAT	External
month2 . . . . . . . . . . . . .	DWord	 00000039 _DATA	
month  . . . . . . . . . . . . .	DWord	 00000029 _DATA	
myDay  . . . . . . . . . . . . .	Byte	 000000FA _DATA	
myMonth  . . . . . . . . . . . .	Byte	 000000F1 _DATA	
myYear . . . . . . . . . . . . .	Byte	 000000E9 _DATA	
printAge . . . . . . . . . . . .	Byte	 00000108 _DATA	
printName  . . . . . . . . . . .	Byte	 00000101 _DATA	
temp . . . . . . . . . . . . . .	DWord	 00000035 _DATA	
usrDay . . . . . . . . . . . . .	Byte	 000000CB _DATA	
usrMonth . . . . . . . . . . . .	Byte	 000000D4 _DATA	
usrName  . . . . . . . . . . . .	Byte	 00000000 _DATA	
usrYear  . . . . . . . . . . . .	Byte	 000000DF _DATA	
wtoaproc . . . . . . . . . . . .	L Near	 00000000 FLAT	External
year2  . . . . . . . . . . . . .	DWord	 00000041 _DATA	
year . . . . . . . . . . . . . .	DWord	 00000031 _DATA	

	   0 Warnings
	   0 Errors
